Copyright 1986-2022 Xilinx, Inc. All Rights Reserved.
------------------------------------------------------------------------------------
| Tool Version : Vivado v.2022.2 (win64) Build 3671981 Fri Oct 14 05:00:03 MDT 2022
| Date         : Mon Jan  9 13:18:13 2023
| Host         : DESKTOP-52T4KVE running 64-bit major release  (build 9200)
| Command      : report_control_sets -verbose -file top_control_sets_placed.rpt
| Design       : top
| Device       : xc7a35ti
------------------------------------------------------------------------------------

Control Set Information

Table of Contents
-----------------
1. Summary
2. Histogram
3. Flip-Flop Distribution
4. Detailed Control Set Information

1. Summary
----------

+----------------------------------------------------------+-------+
|                          Status                          | Count |
+----------------------------------------------------------+-------+
| Total control sets                                       |   268 |
|    Minimum number of control sets                        |   268 |
|    Addition due to synthesis replication                 |     0 |
|    Addition due to physical synthesis replication        |     0 |
| Unused register locations in slices containing registers |  1059 |
+----------------------------------------------------------+-------+
* Control sets can be merged at opt_design using control_set_merge or merge_equivalent_drivers
** Run report_qor_suggestions for automated merging and remapping suggestions


2. Histogram
------------

+--------------------+-------+
|       Fanout       | Count |
+--------------------+-------+
| Total control sets |   268 |
| >= 0 to < 4        |     2 |
| >= 4 to < 6        |   257 |
| >= 6 to < 8        |     1 |
| >= 8 to < 10       |     0 |
| >= 10 to < 12      |     0 |
| >= 12 to < 14      |     0 |
| >= 14 to < 16      |     0 |
| >= 16              |     8 |
+--------------------+-------+
* Control sets can be remapped at either synth_design or opt_design


3. Flip-Flop Distribution
-------------------------

+--------------+-----------------------+------------------------+-----------------+--------------+
| Clock Enable | Synchronous Set/Reset | Asynchronous Set/Reset | Total Registers | Total Slices |
+--------------+-----------------------+------------------------+-----------------+--------------+
| No           | No                    | No                     |              34 |           14 |
| No           | No                    | Yes                    |               0 |            0 |
| No           | Yes                   | No                     |              86 |           24 |
| Yes          | No                    | No                     |            3109 |          848 |
| Yes          | No                    | Yes                    |               0 |            0 |
| Yes          | Yes                   | No                     |               0 |            0 |
+--------------+-----------------------+------------------------+-----------------+--------------+


4. Detailed Control Set Information
-----------------------------------

+-----------------------+---------------------------+--------------------------------+------------------+----------------+--------------+
|      Clock Signal     |       Enable Signal       |        Set/Reset Signal        | Slice Load Count | Bel Load Count | Bels / Slice |
+-----------------------+---------------------------+--------------------------------+------------------+----------------+--------------+
|  ETH_TX_CLK_IBUF_BUFG | ether_tx/preamble_buffer  |                                |                1 |              2 |         2.00 |
|  ETH_RX_CLK_IBUF_BUFG |                           |                                |                1 |              3 |         3.00 |
|  ETH_REFCLK_OBUF_BUFG | message[215]              |                                |                1 |              4 |         4.00 |
|  ETH_REFCLK_OBUF_BUFG | message[859]              |                                |                1 |              4 |         4.00 |
|  ETH_REFCLK_OBUF_BUFG | message[767]              |                                |                1 |              4 |         4.00 |
|  ETH_REFCLK_OBUF_BUFG | message[827]              |                                |                1 |              4 |         4.00 |
|  ETH_REFCLK_OBUF_BUFG | message[871]              |                                |                1 |              4 |         4.00 |
|  ETH_REFCLK_OBUF_BUFG | message[771]              |                                |                1 |              4 |         4.00 |
|  ETH_REFCLK_OBUF_BUFG | message[875]              |                                |                1 |              4 |         4.00 |
|  ETH_REFCLK_OBUF_BUFG | proc_state[3]             |                                |                1 |              4 |         4.00 |
|  ETH_REFCLK_OBUF_BUFG | message[139]              |                                |                1 |              4 |         4.00 |
|  ETH_REFCLK_OBUF_BUFG | message[39]               |                                |                1 |              4 |         4.00 |
|  ETH_REFCLK_OBUF_BUFG | message[99]               |                                |                1 |              4 |         4.00 |
|  ETH_REFCLK_OBUF_BUFG | message[143]              |                                |                1 |              4 |         4.00 |
|  ETH_REFCLK_OBUF_BUFG | message[107]              |                                |                1 |              4 |         4.00 |
|  ETH_REFCLK_OBUF_BUFG | message[151]              |                                |                1 |              4 |         4.00 |
|  ETH_REFCLK_OBUF_BUFG | message[159]              |                                |                1 |              4 |         4.00 |
|  ETH_REFCLK_OBUF_BUFG | message[163]              |                                |                1 |              4 |         4.00 |
|  ETH_REFCLK_OBUF_BUFG | message[119]              |                                |                1 |              4 |         4.00 |
|  ETH_REFCLK_OBUF_BUFG | message[167]              |                                |                1 |              4 |         4.00 |
|  ETH_REFCLK_OBUF_BUFG | message[171]              |                                |                1 |              4 |         4.00 |
|  ETH_REFCLK_OBUF_BUFG | message[187]              |                                |                1 |              4 |         4.00 |
|  ETH_REFCLK_OBUF_BUFG | message[191]              |                                |                1 |              4 |         4.00 |
|  ETH_REFCLK_OBUF_BUFG | message[195]              |                                |                1 |              4 |         4.00 |
|  ETH_REFCLK_OBUF_BUFG | message[203]              |                                |                1 |              4 |         4.00 |
|  ETH_REFCLK_OBUF_BUFG | message[147]              |                                |                1 |              4 |         4.00 |
|  ETH_REFCLK_OBUF_BUFG | message[103]              |                                |                1 |              4 |         4.00 |
|  ETH_REFCLK_OBUF_BUFG | message[179]              |                                |                1 |              4 |         4.00 |
|  ETH_REFCLK_OBUF_BUFG | message[75]               |                                |                1 |              4 |         4.00 |
|  ETH_REFCLK_OBUF_BUFG | message[207]              |                                |                1 |              4 |         4.00 |
|  ETH_REFCLK_OBUF_BUFG | message[211]              |                                |                1 |              4 |         4.00 |
|  ETH_REFCLK_OBUF_BUFG | message[127]              |                                |                1 |              4 |         4.00 |
|  ETH_REFCLK_OBUF_BUFG | message[131]              |                                |                1 |              4 |         4.00 |
|  ETH_REFCLK_OBUF_BUFG | message[83]               |                                |                1 |              4 |         4.00 |
|  ETH_REFCLK_OBUF_BUFG | message[219]              |                                |                1 |              4 |         4.00 |
|  ETH_REFCLK_OBUF_BUFG | message[227]              |                                |                1 |              4 |         4.00 |
|  ETH_REFCLK_OBUF_BUFG | message[231]              |                                |                1 |              4 |         4.00 |
|  ETH_REFCLK_OBUF_BUFG | message[235]              |                                |                1 |              4 |         4.00 |
|  ETH_REFCLK_OBUF_BUFG | message[239]              |                                |                1 |              4 |         4.00 |
|  ETH_REFCLK_OBUF_BUFG | message[19]               |                                |                1 |              4 |         4.00 |
|  ETH_REFCLK_OBUF_BUFG | message[67]               |                                |                1 |              4 |         4.00 |
|  ETH_REFCLK_OBUF_BUFG | message[199]              |                                |                1 |              4 |         4.00 |
|  ETH_REFCLK_OBUF_BUFG | message[47]               |                                |                1 |              4 |         4.00 |
|  ETH_REFCLK_OBUF_BUFG | message[111]              |                                |                1 |              4 |         4.00 |
|  ETH_REFCLK_OBUF_BUFG | message[123]              |                                |                1 |              4 |         4.00 |
|  ETH_REFCLK_OBUF_BUFG | message[55]               |                                |                1 |              4 |         4.00 |
|  ETH_REFCLK_OBUF_BUFG | message[87]               |                                |                1 |              4 |         4.00 |
|  ETH_REFCLK_OBUF_BUFG | message[35]               |                                |                1 |              4 |         4.00 |
|  ETH_REFCLK_OBUF_BUFG | message[115]              |                                |                1 |              4 |         4.00 |
|  ETH_REFCLK_OBUF_BUFG | message[175]              |                                |                1 |              4 |         4.00 |
|  ETH_REFCLK_OBUF_BUFG | message[183]              |                                |                1 |              4 |         4.00 |
|  ETH_REFCLK_OBUF_BUFG | message[223]              |                                |                1 |              4 |         4.00 |
|  ETH_REFCLK_OBUF_BUFG | message[243]              |                                |                1 |              4 |         4.00 |
|  ETH_REFCLK_OBUF_BUFG | message[247]              |                                |                1 |              4 |         4.00 |
|  ETH_REFCLK_OBUF_BUFG | message[251]              |                                |                1 |              4 |         4.00 |
|  ETH_REFCLK_OBUF_BUFG | message[23]               |                                |                1 |              4 |         4.00 |
|  ETH_REFCLK_OBUF_BUFG | message[71]               |                                |                1 |              4 |         4.00 |
|  ETH_REFCLK_OBUF_BUFG | message[31]               |                                |                1 |              4 |         4.00 |
|  ETH_REFCLK_OBUF_BUFG | message[15]               |                                |                1 |              4 |         4.00 |
|  ETH_REFCLK_OBUF_BUFG | message[79]               |                                |                1 |              4 |         4.00 |
|  ETH_REFCLK_OBUF_BUFG | message[7]                |                                |                1 |              4 |         4.00 |
|  ETH_REFCLK_OBUF_BUFG | message[135]              |                                |                1 |              4 |         4.00 |
|  ETH_REFCLK_OBUF_BUFG | message[155]              |                                |                1 |              4 |         4.00 |
|  ETH_REFCLK_OBUF_BUFG | message[11]               |                                |                1 |              4 |         4.00 |
|  ETH_REFCLK_OBUF_BUFG | message[51]               |                                |                2 |              4 |         2.00 |
|  ETH_REFCLK_OBUF_BUFG | message[27]               |                                |                1 |              4 |         4.00 |
|  ETH_REFCLK_OBUF_BUFG | proc_nextstate__0[2]      |                                |                1 |              4 |         4.00 |
|  ETH_REFCLK_OBUF_BUFG | message[3]                |                                |                1 |              4 |         4.00 |
|  ETH_REFCLK_OBUF_BUFG | message[43]               |                                |                1 |              4 |         4.00 |
|  ETH_REFCLK_OBUF_BUFG | message[59]               |                                |                1 |              4 |         4.00 |
|  ETH_REFCLK_OBUF_BUFG | message[63]               |                                |                1 |              4 |         4.00 |
|  ETH_REFCLK_OBUF_BUFG | message[91]               |                                |                1 |              4 |         4.00 |
|  ETH_REFCLK_OBUF_BUFG | message[95]               |                                |                1 |              4 |         4.00 |
|  ETH_REFCLK_OBUF_BUFG | message[371]              |                                |                1 |              4 |         4.00 |
|  ETH_REFCLK_OBUF_BUFG | message[479]              |                                |                1 |              4 |         4.00 |
|  ETH_REFCLK_OBUF_BUFG | message[295]              |                                |                1 |              4 |         4.00 |
|  ETH_REFCLK_OBUF_BUFG | message[359]              |                                |                1 |              4 |         4.00 |
|  ETH_REFCLK_OBUF_BUFG | message[407]              |                                |                1 |              4 |         4.00 |
|  ETH_REFCLK_OBUF_BUFG | message[455]              |                                |                1 |              4 |         4.00 |
|  ETH_REFCLK_OBUF_BUFG | message[395]              |                                |                1 |              4 |         4.00 |
|  ETH_REFCLK_OBUF_BUFG | message[491]              |                                |                2 |              4 |         2.00 |
|  ETH_REFCLK_OBUF_BUFG | message[363]              |                                |                1 |              4 |         4.00 |
|  ETH_REFCLK_OBUF_BUFG | message[375]              |                                |                1 |              4 |         4.00 |
|  ETH_REFCLK_OBUF_BUFG | message[443]              |                                |                1 |              4 |         4.00 |
|  ETH_REFCLK_OBUF_BUFG | message[267]              |                                |                1 |              4 |         4.00 |
|  ETH_REFCLK_OBUF_BUFG | message[427]              |                                |                2 |              4 |         2.00 |
|  ETH_REFCLK_OBUF_BUFG | message[367]              |                                |                1 |              4 |         4.00 |
|  ETH_REFCLK_OBUF_BUFG | message[307]              |                                |                1 |              4 |         4.00 |
|  ETH_REFCLK_OBUF_BUFG | message[483]              |                                |                1 |              4 |         4.00 |
|  ETH_REFCLK_OBUF_BUFG | message[419]              |                                |                1 |              4 |         4.00 |
|  ETH_REFCLK_OBUF_BUFG | message[347]              |                                |                1 |              4 |         4.00 |
|  ETH_REFCLK_OBUF_BUFG | message[355]              |                                |                1 |              4 |         4.00 |
|  ETH_REFCLK_OBUF_BUFG | message[319]              |                                |                1 |              4 |         4.00 |
|  ETH_REFCLK_OBUF_BUFG | message[467]              |                                |                1 |              4 |         4.00 |
|  ETH_REFCLK_OBUF_BUFG | message[475]              |                                |                1 |              4 |         4.00 |
|  ETH_REFCLK_OBUF_BUFG | message[487]              |                                |                1 |              4 |         4.00 |
|  ETH_REFCLK_OBUF_BUFG | message[495]              |                                |                1 |              4 |         4.00 |
|  ETH_REFCLK_OBUF_BUFG | message[315]              |                                |                1 |              4 |         4.00 |
|  ETH_REFCLK_OBUF_BUFG | message[459]              |                                |                1 |              4 |         4.00 |
|  ETH_REFCLK_OBUF_BUFG | message[471]              |                                |                1 |              4 |         4.00 |
|  ETH_REFCLK_OBUF_BUFG | message[499]              |                                |                1 |              4 |         4.00 |
|  ETH_REFCLK_OBUF_BUFG | message[503]              |                                |                1 |              4 |         4.00 |
|  ETH_REFCLK_OBUF_BUFG | message[507]              |                                |                1 |              4 |         4.00 |
|  ETH_REFCLK_OBUF_BUFG | message[323]              |                                |                1 |              4 |         4.00 |
|  ETH_REFCLK_OBUF_BUFG | message[335]              |                                |                1 |              4 |         4.00 |
|  ETH_REFCLK_OBUF_BUFG | message[275]              |                                |                1 |              4 |         4.00 |
|  ETH_REFCLK_OBUF_BUFG | message[255]              |                                |                1 |              4 |         4.00 |
|  ETH_REFCLK_OBUF_BUFG | message[283]              |                                |                1 |              4 |         4.00 |
|  ETH_REFCLK_OBUF_BUFG | message[259]              |                                |                1 |              4 |         4.00 |
|  ETH_REFCLK_OBUF_BUFG | message[331]              |                                |                1 |              4 |         4.00 |
|  ETH_REFCLK_OBUF_BUFG | message[263]              |                                |                1 |              4 |         4.00 |
|  ETH_REFCLK_OBUF_BUFG | message[311]              |                                |                1 |              4 |         4.00 |
|  ETH_REFCLK_OBUF_BUFG | message[339]              |                                |                1 |              4 |         4.00 |
|  ETH_REFCLK_OBUF_BUFG | message[391]              |                                |                1 |              4 |         4.00 |
|  ETH_REFCLK_OBUF_BUFG | message[343]              |                                |                1 |              4 |         4.00 |
|  ETH_REFCLK_OBUF_BUFG | message[399]              |                                |                1 |              4 |         4.00 |
|  ETH_REFCLK_OBUF_BUFG | message[383]              |                                |                1 |              4 |         4.00 |
|  ETH_REFCLK_OBUF_BUFG | message[403]              |                                |                1 |              4 |         4.00 |
|  ETH_REFCLK_OBUF_BUFG | message[303]              |                                |                1 |              4 |         4.00 |
|  ETH_REFCLK_OBUF_BUFG | message[415]              |                                |                1 |              4 |         4.00 |
|  ETH_REFCLK_OBUF_BUFG | message[291]              |                                |                1 |              4 |         4.00 |
|  ETH_REFCLK_OBUF_BUFG | message[423]              |                                |                1 |              4 |         4.00 |
|  ETH_REFCLK_OBUF_BUFG | message[299]              |                                |                1 |              4 |         4.00 |
|  ETH_REFCLK_OBUF_BUFG | message[279]              |                                |                1 |              4 |         4.00 |
|  ETH_REFCLK_OBUF_BUFG | message[435]              |                                |                1 |              4 |         4.00 |
|  ETH_REFCLK_OBUF_BUFG | message[439]              |                                |                1 |              4 |         4.00 |
|  ETH_REFCLK_OBUF_BUFG | message[379]              |                                |                1 |              4 |         4.00 |
|  ETH_REFCLK_OBUF_BUFG | message[451]              |                                |                1 |              4 |         4.00 |
|  ETH_REFCLK_OBUF_BUFG | message[463]              |                                |                1 |              4 |         4.00 |
|  ETH_REFCLK_OBUF_BUFG | message[327]              |                                |                1 |              4 |         4.00 |
|  ETH_REFCLK_OBUF_BUFG | message[287]              |                                |                1 |              4 |         4.00 |
|  ETH_REFCLK_OBUF_BUFG | message[271]              |                                |                1 |              4 |         4.00 |
|  ETH_REFCLK_OBUF_BUFG | message[351]              |                                |                1 |              4 |         4.00 |
|  ETH_REFCLK_OBUF_BUFG | message[387]              |                                |                1 |              4 |         4.00 |
|  ETH_REFCLK_OBUF_BUFG | message[411]              |                                |                1 |              4 |         4.00 |
|  ETH_REFCLK_OBUF_BUFG | message[431]              |                                |                1 |              4 |         4.00 |
|  ETH_REFCLK_OBUF_BUFG | message[447]              |                                |                1 |              4 |         4.00 |
|  ETH_REFCLK_OBUF_BUFG | message[627]              |                                |                1 |              4 |         4.00 |
|  ETH_REFCLK_OBUF_BUFG | message[663]              |                                |                1 |              4 |         4.00 |
|  ETH_REFCLK_OBUF_BUFG | message[699]              |                                |                1 |              4 |         4.00 |
|  ETH_REFCLK_OBUF_BUFG | message[707]              |                                |                1 |              4 |         4.00 |
|  ETH_REFCLK_OBUF_BUFG | message[539]              |                                |                1 |              4 |         4.00 |
|  ETH_REFCLK_OBUF_BUFG | message[543]              |                                |                1 |              4 |         4.00 |
|  ETH_REFCLK_OBUF_BUFG | message[547]              |                                |                1 |              4 |         4.00 |
|  ETH_REFCLK_OBUF_BUFG | message[639]              |                                |                1 |              4 |         4.00 |
|  ETH_REFCLK_OBUF_BUFG | message[687]              |                                |                1 |              4 |         4.00 |
|  ETH_REFCLK_OBUF_BUFG | message[711]              |                                |                1 |              4 |         4.00 |
|  ETH_REFCLK_OBUF_BUFG | message[579]              |                                |                1 |              4 |         4.00 |
|  ETH_REFCLK_OBUF_BUFG | message[559]              |                                |                1 |              4 |         4.00 |
|  ETH_REFCLK_OBUF_BUFG | message[659]              |                                |                1 |              4 |         4.00 |
|  ETH_REFCLK_OBUF_BUFG | message[571]              |                                |                1 |              4 |         4.00 |
|  ETH_REFCLK_OBUF_BUFG | message[675]              |                                |                1 |              4 |         4.00 |
|  ETH_REFCLK_OBUF_BUFG | message[575]              |                                |                1 |              4 |         4.00 |
|  ETH_REFCLK_OBUF_BUFG | message[635]              |                                |                1 |              4 |         4.00 |
|  ETH_REFCLK_OBUF_BUFG | message[651]              |                                |                1 |              4 |         4.00 |
|  ETH_REFCLK_OBUF_BUFG | message[555]              |                                |                1 |              4 |         4.00 |
|  ETH_REFCLK_OBUF_BUFG | message[595]              |                                |                1 |              4 |         4.00 |
|  ETH_REFCLK_OBUF_BUFG | message[535]              |                                |                1 |              4 |         4.00 |
|  ETH_REFCLK_OBUF_BUFG | message[599]              |                                |                1 |              4 |         4.00 |
|  ETH_REFCLK_OBUF_BUFG | message[615]              |                                |                1 |              4 |         4.00 |
|  ETH_REFCLK_OBUF_BUFG | message[623]              |                                |                1 |              4 |         4.00 |
|  ETH_REFCLK_OBUF_BUFG | message[523]              |                                |                1 |              4 |         4.00 |
|  ETH_REFCLK_OBUF_BUFG | message[619]              |                                |                1 |              4 |         4.00 |
|  ETH_REFCLK_OBUF_BUFG | message[691]              |                                |                1 |              4 |         4.00 |
|  ETH_REFCLK_OBUF_BUFG | message[723]              |                                |                1 |              4 |         4.00 |
|  ETH_REFCLK_OBUF_BUFG | message[735]              |                                |                1 |              4 |         4.00 |
|  ETH_REFCLK_OBUF_BUFG | message[739]              |                                |                1 |              4 |         4.00 |
|  ETH_REFCLK_OBUF_BUFG | message[671]              |                                |                1 |              4 |         4.00 |
|  ETH_REFCLK_OBUF_BUFG | message[551]              |                                |                1 |              4 |         4.00 |
|  ETH_REFCLK_OBUF_BUFG | message[703]              |                                |                1 |              4 |         4.00 |
|  ETH_REFCLK_OBUF_BUFG | message[567]              |                                |                1 |              4 |         4.00 |
|  ETH_REFCLK_OBUF_BUFG | message[583]              |                                |                1 |              4 |         4.00 |
|  ETH_REFCLK_OBUF_BUFG | message[587]              |                                |                1 |              4 |         4.00 |
|  ETH_REFCLK_OBUF_BUFG | message[647]              |                                |                1 |              4 |         4.00 |
|  ETH_REFCLK_OBUF_BUFG | message[655]              |                                |                1 |              4 |         4.00 |
|  ETH_REFCLK_OBUF_BUFG | message[719]              |                                |                1 |              4 |         4.00 |
|  ETH_REFCLK_OBUF_BUFG | message[743]              |                                |                1 |              4 |         4.00 |
|  ETH_REFCLK_OBUF_BUFG | message[755]              |                                |                1 |              4 |         4.00 |
|  ETH_REFCLK_OBUF_BUFG | message[607]              |                                |                1 |              4 |         4.00 |
|  ETH_REFCLK_OBUF_BUFG | message[611]              |                                |                1 |              4 |         4.00 |
|  ETH_REFCLK_OBUF_BUFG | message[731]              |                                |                1 |              4 |         4.00 |
|  ETH_REFCLK_OBUF_BUFG | message[511]              |                                |                1 |              4 |         4.00 |
|  ETH_REFCLK_OBUF_BUFG | message[727]              |                                |                1 |              4 |         4.00 |
|  ETH_REFCLK_OBUF_BUFG | message[667]              |                                |                1 |              4 |         4.00 |
|  ETH_REFCLK_OBUF_BUFG | message[527]              |                                |                1 |              4 |         4.00 |
|  ETH_REFCLK_OBUF_BUFG | message[683]              |                                |                1 |              4 |         4.00 |
|  ETH_REFCLK_OBUF_BUFG | message[695]              |                                |                1 |              4 |         4.00 |
|  ETH_REFCLK_OBUF_BUFG | message[519]              |                                |                1 |              4 |         4.00 |
|  ETH_REFCLK_OBUF_BUFG | message[747]              |                                |                1 |              4 |         4.00 |
|  ETH_REFCLK_OBUF_BUFG | message[751]              |                                |                1 |              4 |         4.00 |
|  ETH_REFCLK_OBUF_BUFG | message[759]              |                                |                1 |              4 |         4.00 |
|  ETH_REFCLK_OBUF_BUFG | message[763]              |                                |                1 |              4 |         4.00 |
|  ETH_REFCLK_OBUF_BUFG | message[715]              |                                |                2 |              4 |         2.00 |
|  ETH_REFCLK_OBUF_BUFG | message[643]              |                                |                1 |              4 |         4.00 |
|  ETH_REFCLK_OBUF_BUFG | message[563]              |                                |                1 |              4 |         4.00 |
|  ETH_REFCLK_OBUF_BUFG | message[515]              |                                |                1 |              4 |         4.00 |
|  ETH_REFCLK_OBUF_BUFG | message[591]              |                                |                1 |              4 |         4.00 |
|  ETH_REFCLK_OBUF_BUFG | message[679]              |                                |                1 |              4 |         4.00 |
|  ETH_REFCLK_OBUF_BUFG | message[631]              |                                |                1 |              4 |         4.00 |
|  ETH_REFCLK_OBUF_BUFG | message[531]              |                                |                1 |              4 |         4.00 |
|  ETH_REFCLK_OBUF_BUFG | message[603]              |                                |                1 |              4 |         4.00 |
|  ETH_REFCLK_OBUF_BUFG | message[911]              |                                |                1 |              4 |         4.00 |
|  ETH_REFCLK_OBUF_BUFG | message[843]              |                                |                1 |              4 |         4.00 |
|  ETH_REFCLK_OBUF_BUFG | message[927]              |                                |                1 |              4 |         4.00 |
|  ETH_REFCLK_OBUF_BUFG | message[819]              |                                |                1 |              4 |         4.00 |
|  ETH_REFCLK_OBUF_BUFG | message[935]              |                                |                1 |              4 |         4.00 |
|  ETH_REFCLK_OBUF_BUFG | message[951]              |                                |                1 |              4 |         4.00 |
|  ETH_REFCLK_OBUF_BUFG | message[795]              |                                |                1 |              4 |         4.00 |
|  ETH_REFCLK_OBUF_BUFG | message[803]              |                                |                1 |              4 |         4.00 |
|  ETH_REFCLK_OBUF_BUFG | message[823]              |                                |                1 |              4 |         4.00 |
|  ETH_REFCLK_OBUF_BUFG | message[831]              |                                |                1 |              4 |         4.00 |
|  ETH_REFCLK_OBUF_BUFG | message[943]              |                                |                1 |              4 |         4.00 |
|  ETH_REFCLK_OBUF_BUFG | message[855]              |                                |                1 |              4 |         4.00 |
|  ETH_REFCLK_OBUF_BUFG | message[955]              |                                |                1 |              4 |         4.00 |
|  ETH_REFCLK_OBUF_BUFG | message[971]              |                                |                1 |              4 |         4.00 |
|  ETH_REFCLK_OBUF_BUFG | message[991]              |                                |                1 |              4 |         4.00 |
|  ETH_REFCLK_OBUF_BUFG | message[879]              |                                |                1 |              4 |         4.00 |
|  ETH_REFCLK_OBUF_BUFG | message[995]              |                                |                1 |              4 |         4.00 |
|  ETH_REFCLK_OBUF_BUFG | message[987]              |                                |                1 |              4 |         4.00 |
|  ETH_REFCLK_OBUF_BUFG | message[1003]             |                                |                2 |              4 |         2.00 |
|  ETH_REFCLK_OBUF_BUFG | message[899]              |                                |                1 |              4 |         4.00 |
|  ETH_REFCLK_OBUF_BUFG | message[903]              |                                |                1 |              4 |         4.00 |
|  ETH_REFCLK_OBUF_BUFG | message[915]              |                                |                1 |              4 |         4.00 |
|  ETH_REFCLK_OBUF_BUFG | message[835]              |                                |                1 |              4 |         4.00 |
|  ETH_REFCLK_OBUF_BUFG | message[883]              |                                |                1 |              4 |         4.00 |
|  ETH_REFCLK_OBUF_BUFG | message[895]              |                                |                1 |              4 |         4.00 |
|  ETH_REFCLK_OBUF_BUFG | message[919]              |                                |                1 |              4 |         4.00 |
|  ETH_REFCLK_OBUF_BUFG | message[967]              |                                |                1 |              4 |         4.00 |
|  ETH_REFCLK_OBUF_BUFG | message[799]              |                                |                1 |              4 |         4.00 |
|  ETH_REFCLK_OBUF_BUFG | message[1007]             |                                |                1 |              4 |         4.00 |
|  ETH_REFCLK_OBUF_BUFG | message[1011]             |                                |                2 |              4 |         2.00 |
|  ETH_REFCLK_OBUF_BUFG | message[907]              |                                |                1 |              4 |         4.00 |
|  ETH_REFCLK_OBUF_BUFG | message[779]              |                                |                1 |              4 |         4.00 |
|  ETH_REFCLK_OBUF_BUFG | message[839]              |                                |                1 |              4 |         4.00 |
|  ETH_REFCLK_OBUF_BUFG | message[863]              |                                |                2 |              4 |         2.00 |
|  ETH_REFCLK_OBUF_BUFG | message[891]              |                                |                1 |              4 |         4.00 |
|  ETH_REFCLK_OBUF_BUFG | message[947]              |                                |                1 |              4 |         4.00 |
|  ETH_REFCLK_OBUF_BUFG | message[999]              |                                |                1 |              4 |         4.00 |
|  ETH_REFCLK_OBUF_BUFG | message[851]              |                                |                1 |              4 |         4.00 |
|  ETH_REFCLK_OBUF_BUFG | message[983]              |                                |                1 |              4 |         4.00 |
|  ETH_REFCLK_OBUF_BUFG | message[931]              |                                |                1 |              4 |         4.00 |
|  ETH_REFCLK_OBUF_BUFG | message[815]              |                                |                1 |              4 |         4.00 |
|  ETH_REFCLK_OBUF_BUFG | message[939]              |                                |                1 |              4 |         4.00 |
|  ETH_REFCLK_OBUF_BUFG | message[791]              |                                |                1 |              4 |         4.00 |
|  ETH_REFCLK_OBUF_BUFG | message[847]              |                                |                1 |              4 |         4.00 |
|  ETH_REFCLK_OBUF_BUFG | message[787]              |                                |                1 |              4 |         4.00 |
|  ETH_REFCLK_OBUF_BUFG | message[923]              |                                |                1 |              4 |         4.00 |
|  ETH_REFCLK_OBUF_BUFG | message[959]              |                                |                1 |              4 |         4.00 |
|  ETH_REFCLK_OBUF_BUFG | message[963]              |                                |                1 |              4 |         4.00 |
|  ETH_REFCLK_OBUF_BUFG | message[975]              |                                |                1 |              4 |         4.00 |
|  ETH_REFCLK_OBUF_BUFG | message[1015]             |                                |                1 |              4 |         4.00 |
|  ETH_REFCLK_OBUF_BUFG | message[811]              |                                |                1 |              4 |         4.00 |
|  ETH_REFCLK_OBUF_BUFG | message[807]              |                                |                1 |              4 |         4.00 |
|  ETH_REFCLK_OBUF_BUFG | message[867]              |                                |                1 |              4 |         4.00 |
|  ETH_REFCLK_OBUF_BUFG | message[887]              |                                |                1 |              4 |         4.00 |
|  ETH_REFCLK_OBUF_BUFG | message[1019]             |                                |                2 |              4 |         2.00 |
|  ETH_REFCLK_OBUF_BUFG | message[775]              |                                |                1 |              4 |         4.00 |
|  ETH_REFCLK_OBUF_BUFG | message[783]              |                                |                1 |              4 |         4.00 |
|  ETH_REFCLK_OBUF_BUFG | message[979]              |                                |                1 |              4 |         4.00 |
|  ETH_TX_CLK_IBUF_BUFG |                           |                                |                4 |              6 |         1.50 |
|  ETH_TX_CLK_IBUF_BUFG |                           | ether_tx/fifo_tx/O[0]          |                4 |             16 |         4.00 |
|  ETH_TX_CLK_IBUF_BUFG | ether_tx/frame_header     |                                |                4 |             16 |         4.00 |
|  ETH_RX_CLK_IBUF_BUFG |                           | ether_rx/clear                 |                4 |             16 |         4.00 |
|  ETH_REFCLK_OBUF_BUFG |                           | ether_rx/fifo_rx/O[0]          |                7 |             22 |         3.14 |
|  ETH_REFCLK_OBUF_BUFG |                           |                                |                9 |             25 |         2.78 |
|  ETH_TX_CLK_IBUF_BUFG |                           | ether_tx/crc/crcIn[31]_i_1_n_0 |                9 |             32 |         3.56 |
|  ETH_TX_CLK_IBUF_BUFG | ether_tx/fifo_tx/E[0]     |                                |               12 |             32 |         2.67 |
|  ETH_REFCLK_OBUF_BUFG | send_buffer[2043]_i_1_n_0 |                                |              566 |           2044 |         3.61 |
+-----------------------+---------------------------+--------------------------------+------------------+----------------+--------------+


